core_cm7.h:2281:22:SCB_EnableDCache	24	static,ignoring_inline_asm
main.c:131:5:_write	32	static
main.c:155:6:twiScan	88	static
main.c:190:5:main	8	static
main.c:298:6:SystemClock_Config	216	static
main.c:368:13:MX_CRC_Init	8	static
main.c:399:13:MX_DMA2D_Init	8	static
main.c:436:13:MX_I2C3_Init	8	static
main.c:485:13:MX_I2C4_Init	8	static
main.c:531:13:MX_LTDC_Init	64	static
main.c:593:13:MX_USART1_UART_Init	8	static
main.c:624:13:MX_FMC_Init	40	static
main.c:675:13:MX_GPIO_Init	64	static
main.c:767:6:MX_SDRAM_InitSeqeunce	24	static
main.c:817:6:StartHardwareTask	16	static
main.c:835:6:StartGFXTask	16	static
main.c:856:6:HAL_TIM_PeriodElapsedCallback	16	static
main.c:873:6:Error_Handler	4	static,ignoring_inline_asm
