stm32f7xx_hal_msp.c:64:6:HAL_MspInit	16	static
stm32f7xx_hal_msp.c:86:6:HAL_CRC_MspInit	24	static
stm32f7xx_hal_msp.c:108:6:HAL_CRC_MspDeInit	16	static
stm32f7xx_hal_msp.c:130:6:HAL_DMA2D_MspInit	24	static
stm32f7xx_hal_msp.c:152:6:HAL_DMA2D_MspDeInit	16	static
stm32f7xx_hal_msp.c:174:6:HAL_I2C_MspInit	48	static
stm32f7xx_hal_msp.c:210:6:HAL_I2C_MspDeInit	16	static
stm32f7xx_hal_msp.c:241:6:HAL_LTDC_MspInit	72	static
stm32f7xx_hal_msp.c:362:6:HAL_LTDC_MspDeInit	16	static
stm32f7xx_hal_msp.c:434:6:HAL_UART_MspInit	48	static
stm32f7xx_hal_msp.c:470:6:HAL_UART_MspDeInit	16	static
stm32f7xx_hal_msp.c:495:13:HAL_FMC_MspInit	32	static
stm32f7xx_hal_msp.c:594:6:HAL_SDRAM_MspInit	16	static
stm32f7xx_hal_msp.c:606:13:HAL_FMC_MspDeInit	8	static
stm32f7xx_hal_msp.c:678:6:HAL_SDRAM_MspDeInit	16	static
