stm32f7xx_hal_msp.c:64:6:HAL_MspInit	16	static
stm32f7xx_hal_msp.c:88:6:HAL_CRC_MspInit	24	static
stm32f7xx_hal_msp.c:110:6:HAL_CRC_MspDeInit	16	static
stm32f7xx_hal_msp.c:132:6:HAL_DMA2D_MspInit	24	static
stm32f7xx_hal_msp.c:154:6:HAL_DMA2D_MspDeInit	16	static
stm32f7xx_hal_msp.c:176:6:HAL_I2C_MspInit	56	static
stm32f7xx_hal_msp.c:244:6:HAL_I2C_MspDeInit	16	static
stm32f7xx_hal_msp.c:295:6:HAL_LTDC_MspInit	72	static
stm32f7xx_hal_msp.c:419:6:HAL_LTDC_MspDeInit	16	static
stm32f7xx_hal_msp.c:493:6:HAL_UART_MspInit	48	static
stm32f7xx_hal_msp.c:529:6:HAL_UART_MspDeInit	16	static
stm32f7xx_hal_msp.c:554:13:HAL_FMC_MspInit	32	static
stm32f7xx_hal_msp.c:653:6:HAL_SDRAM_MspInit	16	static
stm32f7xx_hal_msp.c:665:13:HAL_FMC_MspDeInit	8	static
stm32f7xx_hal_msp.c:737:6:HAL_SDRAM_MspDeInit	16	static
